I'm sorry, but errors were detected in your script. Please correct the
errors listed below, and try again.


File "game/script.rpy", line 113: expected ':' not found.
    else
        ^

Ren'Py Version: Ren'Py 8.2.1.24030407
Fri May 24 00:51:21 2024
